// Vitest Snapshot v1, https://vitest.dev/guide/snapshot.html

exports[`コマ配置ゴールデンスナップショット (buildScheduleCellsForRange) > 代表教室データの配置が固定スナップショットと一致する 1`] = `
"2026-06-01 (月) 1限 | 田中講師 | 青木太郎(高1/数)
2026-06-02 (火) 3限 | 佐藤講師 | (生徒なし)
2026-06-05 (金) 1限 | 田中講師 | 上田陽介(高2/数)
2026-06-09 (火) 3限 | 佐藤講師 | (生徒なし)
2026-06-12 (金) 1限 | 田中講師 | 上田陽介(高2/数)
2026-06-15 (月) 1限 | 田中講師 | 青木太郎(高1/数)
2026-06-16 (火) 3限 | 佐藤講師 | (生徒なし)
2026-06-17 (水) 2限 | 佐藤講師 | 伊藤花(中3/英) + 岡本美咲(高3/数)
2026-06-22 (月) 1限 | 田中講師 | 青木太郎(高1/数)
2026-06-23 (火) 3限 | 佐藤講師 | (生徒なし)
2026-06-24 (水) 2限 | 佐藤講師 | 伊藤花(中3/英) + 岡本美咲(高3/数)
2026-06-29 (月) 1限 | 田中講師 | 青木太郎(高1/数)
2026-06-30 (火) 3限 | 佐藤講師 | (生徒なし)"
`;
