// Vitest Snapshot v1, https://vitest.dev/guide/snapshot.html

exports[`振替ストックゴールデンスナップショット (buildMakeupStockEntries) > 代表シナリオの振替ストック計算が固定スナップショットと一致する 1`] = `
"s_manual__英 | 残1 | 自動0/手動2 | 配置振替1 | 通常0/上限0/超過0 | 次源:2026-04-14(通常振替)
s_short__数 | 残1 | 自動1/手動0 | 配置振替0 | 通常0/上限52/超過0 | 次源:2026-04-06(休日振替)"
`;
