// Vitest Snapshot v1, https://vitest.dev/guide/snapshot.html

exports[`日程表 想定回数ゴールデンスナップショット (buildExpectedRegularOccurrences) > 代表教室データの通常授業 想定出現が固定スナップショットと一致する 1`] = `
"伊藤花__英 | 計2 | 2026-06-17, 2026-06-24
上田陽介__数 | 計2 | 2026-06-05, 2026-06-12
青木太郎__数 | 計5 | 2026-06-01, 2026-06-08, 2026-06-15, 2026-06-22, 2026-06-29"
`;
